log test $(Get-Date -Format o)
